// Vitest Snapshot v1, https://vitest.dev/guide/snapshot.html

exports[`2026-10-03-suburban > Flinders Street, 2026-10-03T13:08:00+10:00, forwards > gives correct departures 1`] = `
"
3/10/26, 1:09 pm   Mernda          On time         
3/10/26, 1:10 pm   Williamstown    On time         
3/10/26, 1:12 pm   Showgrounds     No realtime data
3/10/26, 1:12 pm   Belgrave        On time         
3/10/26, 1:13 pm   Sandringham     3 mins delayed  
3/10/26, 1:16 pm   Frankston       On time         
3/10/26, 1:16 pm   Craigieburn     On time         
3/10/26, 1:19 pm   Glen Waverley   On time         
3/10/26, 1:20 pm   Heidelberg      1 mins delayed  
3/10/26, 1:20 pm   Werribee        On time         
"
`;

exports[`2026-10-03-suburban > parses with expected errors only 1`] = `
"
Schedule parsing errors:
<none>

Realtime parsing errors:
- known-departure-times-entail-time-travel
- known-departure-times-entail-time-travel
- known-departure-times-entail-time-travel
"
`;
