// Vitest Snapshot v1, https://vitest.dev/guide/snapshot.html

exports[`performance-tests-suburban > Clayton, 2025-10-07T20:39:00+11:00, backwards > completes in reasonable time 1`] = `
"
<empty>
"
`;

exports[`performance-tests-suburban > Clayton, 2025-10-07T20:39:00+11:00, forwards > completes in reasonable time 1`] = `
"
1/10/26, 4:26 am   Town Hall -> West Footscray   No realtime data   (ID: "2026-10-01|02-CBE--68-T5-C400")
1/10/26, 4:36 am   Town Hall -> Sunbury          No realtime data   (ID: "2026-10-01|02-PKM--68-T5-C150")
1/10/26, 4:46 am   Town Hall -> West Footscray   No realtime data   (ID: "2026-10-01|02-CBE--68-T5-C402")
1/10/26, 4:56 am   Town Hall -> Sunbury          No realtime data   (ID: "2026-10-01|02-PKM--68-T5-C002")
1/10/26, 5:06 am   Town Hall -> West Footscray   No realtime data   (ID: "2026-10-01|02-CBE--68-T5-C404")
1/10/26, 5:16 am   Town Hall -> Sunbury          No realtime data   (ID: "2026-10-01|02-PKM--68-T5-C004")
1/10/26, 5:17 am   East Pakenham                 No realtime data   (ID: "2026-10-01|02-PKM--68-T5-C001")
1/10/26, 5:26 am   Town Hall -> Sunbury          No realtime data   (ID: "2026-10-01|02-CBE--68-T5-C406")
1/10/26, 5:27 am   Cranbourne                    No realtime data   (ID: "2026-10-01|02-CBE--68-T5-C401")
1/10/26, 5:36 am   Town Hall -> Watergardens     No realtime data   (ID: "2026-10-01|02-PKM--68-T5-C006")
1/10/26, 5:37 am   East Pakenham                 No realtime data   (ID: "2026-10-01|02-PKM--68-T5-C003")
1/10/26, 5:46 am   Town Hall -> Sunbury          No realtime data   (ID: "2026-10-01|02-CBE--68-T5-C408")
1/10/26, 5:47 am   Cranbourne                    No realtime data   (ID: "2026-10-01|02-CBE--68-T5-C403")
1/10/26, 5:56 am   Town Hall -> Watergardens     No realtime data   (ID: "2026-10-01|02-PKM--68-T5-C008")
1/10/26, 5:57 am   East Pakenham                 No realtime data   (ID: "2026-10-01|02-PKM--68-T5-C005")
1/10/26, 6:06 am   Town Hall -> Sunbury          No realtime data   (ID: "2026-10-01|02-CBE--68-T5-C410")
1/10/26, 6:07 am   Cranbourne                    No realtime data   (ID: "2026-10-01|02-CBE--68-T5-C405")
1/10/26, 6:16 am   Town Hall -> Watergardens     No realtime data   (ID: "2026-10-01|02-PKM--68-T5-C010")
1/10/26, 6:17 am   East Pakenham                 No realtime data   (ID: "2026-10-01|02-PKM--68-T5-C007")
1/10/26, 6:26 am   Town Hall -> Sunbury          No realtime data   (ID: "2026-10-01|02-CBE--68-T5-C412")
1/10/26, 6:27 am   Cranbourne                    No realtime data   (ID: "2026-10-01|02-CBE--68-T5-C407")
1/10/26, 6:36 am   Town Hall -> Sunbury          No realtime data   (ID: "2026-10-01|02-PKM--68-T5-C012")
1/10/26, 6:37 am   East Pakenham                 No realtime data   (ID: "2026-10-01|02-PKM--68-T5-C009")
1/10/26, 6:41 am   Town Hall -> Sunbury          No realtime data   (ID: "2026-10-01|02-CBE--68-T5-C414")
1/10/26, 6:45 am   Town Hall -> West Footscray   No realtime data   (ID: "2026-10-01|02-PKM--68-T5-C800")
1/10/26, 6:47 am   Cranbourne                    No realtime data   (ID: "2026-10-01|02-CBE--68-T5-C409")
1/10/26, 6:48 am   Town Hall -> Sunbury          No realtime data   (ID: "2026-10-01|02-PKM--68-T5-C014")
1/10/26, 6:51 am   Town Hall -> Watergardens     No realtime data   (ID: "2026-10-01|02-CBE--68-T5-C416")
1/10/26, 6:55 am   Town Hall -> Sunbury          No realtime data   (ID: "2026-10-01|02-PKM--68-T5-C016")
1/10/26, 7:00 am   East Pakenham                 No realtime data   (ID: "2026-10-01|02-PKM--68-T5-C011")
1/10/26, 7:01 am   Town Hall -> West Footscray   No realtime data   (ID: "2026-10-01|02-CBE--68-T5-C418")
1/10/26, 7:05 am   Town Hall -> Sunbury          No realtime data   (ID: "2026-10-01|02-CBE--68-T5-C420")
1/10/26, 7:08 am   Town Hall -> Watergardens     No realtime data   (ID: "2026-10-01|02-PKM--68-T5-C018")
1/10/26, 7:10 am   Cranbourne                    No realtime data   (ID: "2026-10-01|02-CBE--68-T5-C411")
1/10/26, 7:11 am   Town Hall -> Watergardens     No realtime data   (ID: "2026-10-01|02-CBE--68-T5-C422")
1/10/26, 7:15 am   Town Hall -> Sunbury          No realtime data   (ID: "2026-10-01|02-PKM--68-T5-C020")
1/10/26, 7:19 am   Town Hall -> Watergardens     No realtime data   (ID: "2026-10-01|02-CBE--68-T5-C424")
1/10/26, 7:20 am   East Pakenham                 No realtime data   (ID: "2026-10-01|02-PKM--68-T5-C013")
1/10/26, 7:22 am   Town Hall -> Watergardens     No realtime data   (ID: "2026-10-01|02-PKM--68-T5-C022")
1/10/26, 7:25 am   Town Hall -> West Footscray   No realtime data   (ID: "2026-10-01|02-CBE--68-T5-C426")
1/10/26, 7:29 am   Town Hall -> West Footscray   No realtime data   (ID: "2026-10-01|02-PKM--68-T5-C024")
1/10/26, 7:30 am   Cranbourne                    No realtime data   (ID: "2026-10-01|02-CBE--68-T5-C413")
1/10/26, 7:32 am   Town Hall -> Sunbury          No realtime data   (ID: "2026-10-01|02-CBE--68-T5-C428")
1/10/26, 7:35 am   Town Hall -> Watergardens     No realtime data   (ID: "2026-10-01|02-PKM--68-T5-C026")
1/10/26, 7:40 am   East Pakenham                 No realtime data   (ID: "2026-10-01|02-PKM--68-T5-C015")
1/10/26, 7:42 am   Town Hall -> Sunbury          No realtime data   (ID: "2026-10-01|02-CBE--68-T5-C430")
1/10/26, 7:45 am   Town Hall -> Watergardens     No realtime data   (ID: "2026-10-01|02-PKM--68-T5-C028")
1/10/26, 7:49 am   Town Hall -> West Footscray   No realtime data   (ID: "2026-10-01|02-PKM--68-T5-C030")
1/10/26, 7:50 am   Cranbourne                    No realtime data   (ID: "2026-10-01|02-CBE--68-T5-C415")
1/10/26, 7:52 am   Town Hall -> Watergardens     No realtime data   (ID: "2026-10-01|02-CBE--68-T5-C432")
"
`;

exports[`performance-tests-suburban > Clayton, 2026-10-07T20:39:00+11:00, backwards > completes in reasonable time 1`] = `
"
7/10/26, 8:36 pm   Cranbourne                  7 mins delayed        (ID: "2026-10-07|02-CBE--69-T5-C515")     
7/10/26, 8:35 pm   Town Hall                   On time (*)           (ID: "2026-10-07|02-PKM--69-T5_WD07-C122")
7/10/26, 8:27 pm   Town Hall                   2 mins delayed (*)    (ID: "2026-10-07|02-CBE--69-T5_WD07-C524")
7/10/26, 8:22 pm   Town Hall                   7 mins delayed (*)    (ID: "2026-10-07|02-PKM--69-T5_WD07-C120")
7/10/26, 8:19 pm   East Pakenham               On time (*)           (ID: "2026-10-07|02-PKM--69-T5-C119")     
7/10/26, 8:17 pm   Town Hall                   12 mins delayed (*)   (ID: "2026-10-07|02-CBE--69-T5_WD07-C522")
7/10/26, 8:10 pm   Cranbourne                  1 mins delayed (*)    (ID: "2026-10-07|02-CBE--69-T5_WD0E-C513")
7/10/26, 7:59 pm   East Pakenham               On time (*)           (ID: "2026-10-07|02-PKM--69-T5_WD07-C117")
7/10/26, 7:55 pm   Town Hall -> Sunbury        No realtime data      (ID: "2026-10-07|02-PKM--69-T5-C118")     
7/10/26, 7:49 pm   Cranbourne                  No realtime data      (ID: "2026-10-07|02-CBE--69-T5_WD0E-C511")
7/10/26, 7:45 pm   Town Hall -> Watergardens   No realtime data      (ID: "2026-10-07|02-CBE--69-T5-C520")     
7/10/26, 7:39 pm   East Pakenham               No realtime data      (ID: "2026-10-07|02-PKM--69-T5-C115")     
7/10/26, 7:35 pm   Town Hall -> Sunbury        No realtime data      (ID: "2026-10-07|02-PKM--69-T5-C116")     
7/10/26, 7:29 pm   Cranbourne                  No realtime data      (ID: "2026-10-07|02-CBE--69-T5-C509")     
7/10/26, 7:26 pm   Westall                     No realtime data      (ID: "2026-10-07|02-PKM--69-T5-C923")     
7/10/26, 7:25 pm   Town Hall                   No realtime data      (ID: "2026-10-07|02-CBE--69-T5-C518")     
7/10/26, 7:23 pm   East Pakenham               No realtime data      (ID: "2026-10-07|02-PKM--69-T5-C113")     
7/10/26, 7:19 pm   Cranbourne                  No realtime data      (ID: "2026-10-07|02-CBE--69-T5_WD0E-C507")
7/10/26, 7:15 pm   Town Hall -> Sunbury        No realtime data      (ID: "2026-10-07|02-PKM--69-T5-C114")     
7/10/26, 7:13 pm   Westall                     No realtime data      (ID: "2026-10-07|02-PKM--69-T5-C921")     
7/10/26, 7:08 pm   East Pakenham               No realtime data      (ID: "2026-10-07|02-PKM--69-T5_WD07-C111")
7/10/26, 7:05 pm   Town Hall -> Watergardens   No realtime data      (ID: "2026-10-07|02-CBE--69-T5-C516")     
7/10/26, 7:04 pm   Cranbourne                  No realtime data      (ID: "2026-10-07|02-CBE--69-T5_WD07-C505")
7/10/26, 6:58 pm   Cranbourne                  No realtime data      (ID: "2026-10-07|02-CBE--69-T5-C503")     
7/10/26, 6:55 pm   Town Hall -> Sunbury        No realtime data      (ID: "2026-10-07|02-PKM--69-T5-C112")     
7/10/26, 6:54 pm   Dandenong                   No realtime data      (ID: "2026-10-07|02-PKM--69-T5-C813")     
7/10/26, 6:49 pm   East Pakenham               No realtime data      (ID: "2026-10-07|02-PKM--69-T5-C109")     
7/10/26, 6:46 pm   Cranbourne                  No realtime data      (ID: "2026-10-07|02-CBE--69-T5-C501")     
7/10/26, 6:45 pm   Town Hall -> Watergardens   No realtime data      (ID: "2026-10-07|02-CBE--69-T5-C514")     
7/10/26, 6:42 pm   East Pakenham               No realtime data      (ID: "2026-10-07|02-PKM--69-T5_WD07-C107")
7/10/26, 6:38 pm   Cranbourne                  No realtime data      (ID: "2026-10-07|02-CBE--69-T5-C499")     
7/10/26, 6:35 pm   Town Hall -> Sunbury        No realtime data      (ID: "2026-10-07|02-PKM--69-T5-C110")     
7/10/26, 6:32 pm   East Pakenham               No realtime data      (ID: "2026-10-07|02-PKM--69-T5_WD07-C105")
7/10/26, 6:28 pm   Cranbourne                  No realtime data      (ID: "2026-10-07|02-CBE--69-T5-C497")     
7/10/26, 6:26 pm   Town Hall -> Watergardens   No realtime data      (ID: "2026-10-07|02-CBE--69-T5-C512")     
7/10/26, 6:25 pm   Dandenong                   No realtime data      (ID: "2026-10-07|02-PKM--69-T5-C811")     
7/10/26, 6:22 pm   East Pakenham               No realtime data      (ID: "2026-10-07|02-PKM--69-T5-C103")     
7/10/26, 6:16 pm   Town Hall -> Sunbury        No realtime data      (ID: "2026-10-07|02-PKM--69-T5-C108")     
7/10/26, 6:16 pm   Cranbourne                  No realtime data      (ID: "2026-10-07|02-CBE--69-T5-C495")     
7/10/26, 6:09 pm   East Pakenham               No realtime data      (ID: "2026-10-07|02-PKM--69-T5-C101")     
7/10/26, 6:06 pm   Town Hall -> Sunbury        No realtime data      (ID: "2026-10-07|02-CBE--69-T5-C510")     
7/10/26, 6:06 pm   Cranbourne                  No realtime data      (ID: "2026-10-07|02-CBE--69-T5-C493")     
7/10/26, 6:03 pm   East Pakenham               No realtime data      (ID: "2026-10-07|02-PKM--69-T5-C099")     
7/10/26, 5:59 pm   East Pakenham               No realtime data      (ID: "2026-10-07|02-PKM--69-T5-C097")     
7/10/26, 5:56 pm   Town Hall -> Watergardens   No realtime data      (ID: "2026-10-07|02-PKM--69-T5-C106")     
7/10/26, 5:56 pm   Cranbourne                  No realtime data      (ID: "2026-10-07|02-CBE--69-T5-C491")     
7/10/26, 5:53 pm   Town Hall -> Sunbury        No realtime data      (ID: "2026-10-07|02-PKM--69-T5-C910")     
7/10/26, 5:52 pm   East Pakenham               No realtime data      (ID: "2026-10-07|02-PKM--69-T5-C095")     
7/10/26, 5:49 pm   Town Hall                   No realtime data      (ID: "2026-10-07|02-PKM--69-T5-C814")     
7/10/26, 5:46 pm   Town Hall -> Sunbury        No realtime data      (ID: "2026-10-07|02-CBE--69-T5-C508")     
"
`;

exports[`performance-tests-suburban > Clayton, 2026-10-07T20:39:00+11:00, forwards > completes in reasonable time 1`] = `
"
7/10/26, 8:41 pm    East Pakenham                 2 mins delayed       (ID: "2026-10-07|02-PKM--69-T5_WD07-C121")
7/10/26, 8:46 pm    Town Hall                     1 mins delayed       (ID: "2026-10-07|02-CBE--69-T5_dL-C526")  
7/10/26, 8:51 pm    Cranbourne                    2 mins delayed       (ID: "2026-10-07|02-CBE--69-T5_WD0E-C517")
7/10/26, 8:56 pm    Town Hall                     1 mins delayed       (ID: "2026-10-07|02-PKM--69-T5_dL-C124")  
7/10/26, 9:00 pm    East Pakenham                 1 mins delayed       (ID: "2026-10-07|02-PKM--69-T5_WD0E-C123")
7/10/26, 9:06 pm    Town Hall                     1 mins delayed       (ID: "2026-10-07|02-CBE--69-T5_dL-C528")  
7/10/26, 9:10 pm    Cranbourne                    1 mins delayed       (ID: "2026-10-07|02-CBE--69-T5_dL-C519")  
7/10/26, 9:16 pm    Town Hall                     1 mins delayed       (ID: "2026-10-07|02-PKM--69-T5_dL-C126")  
7/10/26, 9:20 pm    East Pakenham                 1 mins delayed       (ID: "2026-10-07|02-PKM--69-T5_dL-C125")  
7/10/26, 9:26 pm    Town Hall                     1 mins delayed       (ID: "2026-10-07|02-CBE--69-T5_dL-C530")  
7/10/26, 9:30 pm    Cranbourne                    1 mins delayed       (ID: "2026-10-07|02-CBE--69-T5_dL-C521")  
7/10/26, 9:36 pm    Town Hall                     1 mins delayed       (ID: "2026-10-07|02-PKM--69-T5_dL-C128")  
7/10/26, 9:40 pm    East Pakenham                 1 mins delayed (*)   (ID: "2026-10-07|02-PKM--69-T5_dL-C127")  
7/10/26, 9:46 pm    Town Hall                     1 mins delayed (*)   (ID: "2026-10-07|02-CBE--69-T5_dL-C532")  
7/10/26, 9:49 pm    Cranbourne                    No realtime data     (ID: "2026-10-07|02-CBE--69-T5_dL-C523")  
7/10/26, 9:55 pm    Town Hall                     On time (*)          (ID: "2026-10-07|02-PKM--69-T5_dL-C130")  
7/10/26, 10:01 pm   East Pakenham                 2 mins delayed (*)   (ID: "2026-10-07|02-PKM--69-T5_dL-C129")  
7/10/26, 10:05 pm   Town Hall                     No realtime data     (ID: "2026-10-07|02-CBE--69-T5_dL-C534")  
7/10/26, 10:09 pm   Cranbourne                    No realtime data     (ID: "2026-10-07|02-CBE--69-T5_dL-C525")  
7/10/26, 10:15 pm   Town Hall                     On time (*)          (ID: "2026-10-07|02-PKM--69-T5_dL-C132")  
7/10/26, 10:19 pm   East Pakenham                 No realtime data     (ID: "2026-10-07|02-PKM--69-T5_dL-C131")  
7/10/26, 10:25 pm   Town Hall                     No realtime data     (ID: "2026-10-07|02-CBE--69-T5_dL-C536")  
7/10/26, 10:29 pm   Cranbourne                    No realtime data     (ID: "2026-10-07|02-CBE--69-T5_dL-C527")  
7/10/26, 10:35 pm   Town Hall                     No realtime data     (ID: "2026-10-07|02-PKM--69-T5_dL-C134")  
7/10/26, 10:39 pm   East Pakenham                 No realtime data     (ID: "2026-10-07|02-PKM--69-T5_dL-C133")  
7/10/26, 10:45 pm   Town Hall                     No realtime data     (ID: "2026-10-07|02-CBE--69-T5_dL-C538")  
7/10/26, 10:49 pm   Cranbourne                    No realtime data     (ID: "2026-10-07|02-CBE--69-T5_dL-C529")  
7/10/26, 10:55 pm   Town Hall                     No realtime data     (ID: "2026-10-07|02-PKM--69-T5_dL-C136")  
7/10/26, 10:59 pm   East Pakenham                 No realtime data     (ID: "2026-10-07|02-PKM--69-T5_dL-C135")  
7/10/26, 11:05 pm   Town Hall                     No realtime data     (ID: "2026-10-07|02-CBE--69-T5_dL-C540")  
7/10/26, 11:09 pm   Cranbourne                    No realtime data     (ID: "2026-10-07|02-CBE--69-T5_dL-C531")  
7/10/26, 11:15 pm   Town Hall                     No realtime data     (ID: "2026-10-07|02-PKM--69-T5_dL-C138")  
7/10/26, 11:19 pm   East Pakenham                 No realtime data     (ID: "2026-10-07|02-PKM--69-T5_dL-C137")  
7/10/26, 11:25 pm   Town Hall                     No realtime data     (ID: "2026-10-07|02-CBE--69-T5_dL-C542")  
7/10/26, 11:29 pm   Cranbourne                    No realtime data     (ID: "2026-10-07|02-CBE--69-T5_dL-C533")  
7/10/26, 11:35 pm   Town Hall                     No realtime data     (ID: "2026-10-07|02-PKM--69-T5_dL-C140")  
7/10/26, 11:39 pm   East Pakenham                 No realtime data     (ID: "2026-10-07|02-PKM--69-T5_dL-C139")  
7/10/26, 11:45 pm   Town Hall                     No realtime data     (ID: "2026-10-07|02-CBE--69-T5_dL-C544")  
7/10/26, 11:49 pm   Cranbourne                    No realtime data     (ID: "2026-10-07|02-CBE--69-T5_dL-C535")  
7/10/26, 11:55 pm   Town Hall                     No realtime data     (ID: "2026-10-07|02-PKM--69-T5_dL-C142")  
8/10/26, 12:00 am   East Pakenham                 No realtime data     (ID: "2026-10-07|02-PKM--69-T5_dL-C141")  
8/10/26, 12:09 am   Cranbourne                    No realtime data     (ID: "2026-10-07|02-CBE--69-T5_dL-C537")  
8/10/26, 12:19 am   East Pakenham                 No realtime data     (ID: "2026-10-07|02-PKM--69-T5_dL-C143")  
8/10/26, 12:29 am   Cranbourne                    No realtime data     (ID: "2026-10-07|02-CBE--69-T5_dL-C539")  
8/10/26, 12:39 am   East Pakenham                 No realtime data     (ID: "2026-10-07|02-PKM--69-T5_dL-C145")  
8/10/26, 4:26 am    Town Hall -> West Footscray   No realtime data     (ID: "2026-10-08|02-CBE--69-T5-C400")     
8/10/26, 4:36 am    Town Hall -> Sunbury          No realtime data     (ID: "2026-10-08|02-PKM--69-T5-C150")     
8/10/26, 4:46 am    Town Hall -> West Footscray   No realtime data     (ID: "2026-10-08|02-CBE--69-T5-C402")     
8/10/26, 4:56 am    Town Hall -> Sunbury          No realtime data     (ID: "2026-10-08|02-PKM--69-T5-C002")     
8/10/26, 5:06 am    Town Hall -> West Footscray   No realtime data     (ID: "2026-10-08|02-CBE--69-T5-C404")     
"
`;

exports[`performance-tests-suburban > Clayton, 2027-10-07T20:39:00+11:00, backwards > completes in reasonable time 1`] = `
"
1/1/27, 12:39 am     East Pakenham                 No realtime data   (ID: "2026-12-31|02-PKM--1-T5-C145")
1/1/27, 12:29 am     Cranbourne                    No realtime data   (ID: "2026-12-31|02-CBE--1-T5-C539")
1/1/27, 12:19 am     East Pakenham                 No realtime data   (ID: "2026-12-31|02-PKM--1-T5-C143")
1/1/27, 12:09 am     Cranbourne                    No realtime data   (ID: "2026-12-31|02-CBE--1-T5-C537")
1/1/27, 12:00 am     East Pakenham                 No realtime data   (ID: "2026-12-31|02-PKM--1-T5-C141")
31/12/26, 11:55 pm   Town Hall -> Sunbury          No realtime data   (ID: "2026-12-31|02-PKM--1-T5-C142")
31/12/26, 11:49 pm   Cranbourne                    No realtime data   (ID: "2026-12-31|02-CBE--1-T5-C535")
31/12/26, 11:45 pm   Town Hall -> West Footscray   No realtime data   (ID: "2026-12-31|02-CBE--1-T5-C544")
31/12/26, 11:39 pm   East Pakenham                 No realtime data   (ID: "2026-12-31|02-PKM--1-T5-C139")
31/12/26, 11:35 pm   Town Hall -> Sunbury          No realtime data   (ID: "2026-12-31|02-PKM--1-T5-C140")
31/12/26, 11:29 pm   Cranbourne                    No realtime data   (ID: "2026-12-31|02-CBE--1-T5-C533")
31/12/26, 11:25 pm   Town Hall -> West Footscray   No realtime data   (ID: "2026-12-31|02-CBE--1-T5-C542")
31/12/26, 11:19 pm   East Pakenham                 No realtime data   (ID: "2026-12-31|02-PKM--1-T5-C137")
31/12/26, 11:15 pm   Town Hall -> Sunbury          No realtime data   (ID: "2026-12-31|02-PKM--1-T5-C138")
31/12/26, 11:09 pm   Cranbourne                    No realtime data   (ID: "2026-12-31|02-CBE--1-T5-C531")
31/12/26, 11:05 pm   Town Hall -> West Footscray   No realtime data   (ID: "2026-12-31|02-CBE--1-T5-C540")
31/12/26, 10:59 pm   East Pakenham                 No realtime data   (ID: "2026-12-31|02-PKM--1-T5-C135")
31/12/26, 10:55 pm   Town Hall -> Sunbury          No realtime data   (ID: "2026-12-31|02-PKM--1-T5-C136")
31/12/26, 10:49 pm   Cranbourne                    No realtime data   (ID: "2026-12-31|02-CBE--1-T5-C529")
31/12/26, 10:45 pm   Town Hall -> West Footscray   No realtime data   (ID: "2026-12-31|02-CBE--1-T5-C538")
31/12/26, 10:39 pm   East Pakenham                 No realtime data   (ID: "2026-12-31|02-PKM--1-T5-C133")
31/12/26, 10:35 pm   Town Hall -> Sunbury          No realtime data   (ID: "2026-12-31|02-PKM--1-T5-C134")
31/12/26, 10:29 pm   Cranbourne                    No realtime data   (ID: "2026-12-31|02-CBE--1-T5-C527")
31/12/26, 10:25 pm   Town Hall -> West Footscray   No realtime data   (ID: "2026-12-31|02-CBE--1-T5-C536")
31/12/26, 10:19 pm   East Pakenham                 No realtime data   (ID: "2026-12-31|02-PKM--1-T5-C131")
31/12/26, 10:15 pm   Town Hall -> Sunbury          No realtime data   (ID: "2026-12-31|02-PKM--1-T5-C132")
31/12/26, 10:09 pm   Cranbourne                    No realtime data   (ID: "2026-12-31|02-CBE--1-T5-C525")
31/12/26, 10:05 pm   Town Hall -> West Footscray   No realtime data   (ID: "2026-12-31|02-CBE--1-T5-C534")
31/12/26, 9:59 pm    East Pakenham                 No realtime data   (ID: "2026-12-31|02-PKM--1-T5-C129")
31/12/26, 9:55 pm    Town Hall -> Sunbury          No realtime data   (ID: "2026-12-31|02-PKM--1-T5-C130")
31/12/26, 9:49 pm    Cranbourne                    No realtime data   (ID: "2026-12-31|02-CBE--1-T5-C523")
31/12/26, 9:45 pm    Town Hall -> West Footscray   No realtime data   (ID: "2026-12-31|02-CBE--1-T5-C532")
31/12/26, 9:39 pm    East Pakenham                 No realtime data   (ID: "2026-12-31|02-PKM--1-T5-C127")
31/12/26, 9:35 pm    Town Hall -> Sunbury          No realtime data   (ID: "2026-12-31|02-PKM--1-T5-C128")
31/12/26, 9:29 pm    Cranbourne                    No realtime data   (ID: "2026-12-31|02-CBE--1-T5-C521")
31/12/26, 9:25 pm    Town Hall -> West Footscray   No realtime data   (ID: "2026-12-31|02-CBE--1-T5-C530")
31/12/26, 9:19 pm    East Pakenham                 No realtime data   (ID: "2026-12-31|02-PKM--1-T5-C125")
31/12/26, 9:15 pm    Town Hall -> Sunbury          No realtime data   (ID: "2026-12-31|02-PKM--1-T5-C126")
31/12/26, 9:09 pm    Cranbourne                    No realtime data   (ID: "2026-12-31|02-CBE--1-T5-C519")
31/12/26, 9:05 pm    Town Hall -> West Footscray   No realtime data   (ID: "2026-12-31|02-CBE--1-T5-C528")
31/12/26, 8:59 pm    East Pakenham                 No realtime data   (ID: "2026-12-31|02-PKM--1-T5-C123")
31/12/26, 8:55 pm    Town Hall -> Sunbury          No realtime data   (ID: "2026-12-31|02-PKM--1-T5-C124")
31/12/26, 8:49 pm    Cranbourne                    No realtime data   (ID: "2026-12-31|02-CBE--1-T5-C517")
31/12/26, 8:45 pm    Town Hall -> West Footscray   No realtime data   (ID: "2026-12-31|02-CBE--1-T5-C526")
31/12/26, 8:39 pm    East Pakenham                 No realtime data   (ID: "2026-12-31|02-PKM--1-T5-C121")
31/12/26, 8:35 pm    Town Hall -> Sunbury          No realtime data   (ID: "2026-12-31|02-PKM--1-T5-C122")
31/12/26, 8:29 pm    Cranbourne                    No realtime data   (ID: "2026-12-31|02-CBE--1-T5-C515")
31/12/26, 8:25 pm    Town Hall -> Watergardens     No realtime data   (ID: "2026-12-31|02-CBE--1-T5-C524")
31/12/26, 8:19 pm    East Pakenham                 No realtime data   (ID: "2026-12-31|02-PKM--1-T5-C119")
31/12/26, 8:15 pm    Town Hall -> Sunbury          No realtime data   (ID: "2026-12-31|02-PKM--1-T5-C120")
"
`;

exports[`performance-tests-suburban > Clayton, 2027-10-07T20:39:00+11:00, forwards > completes in reasonable time 1`] = `
"
<empty>
"
`;

exports[`performance-tests-suburban > Flinders Street, 2025-10-07T20:39:00+11:00, backwards > completes in reasonable time 1`] = `
"
<empty>
"
`;

exports[`performance-tests-suburban > Flinders Street, 2025-10-07T20:39:00+11:00, forwards > completes in reasonable time 1`] = `
"
1/10/26, 4:40 am   Laverton        No realtime data   (ID: "2026-10-01|02-WER--68-T5-6201")
1/10/26, 4:43 am   Mernda          No realtime data   (ID: "2026-10-01|02-MDD--68-T5-1601")
1/10/26, 4:50 am   Williamstown    No realtime data   (ID: "2026-10-01|02-WIL--68-T5-6301")
1/10/26, 4:53 am   Frankston       No realtime data   (ID: "2026-10-01|02-FKN--68-T5-4301")
1/10/26, 4:55 am   Werribee        No realtime data   (ID: "2026-10-01|02-WER--68-T5-6401")
1/10/26, 4:57 am   Craigieburn     No realtime data   (ID: "2026-10-01|02-CGB--68-T5-5201")
1/10/26, 4:58 am   Hurstbridge     No realtime data   (ID: "2026-10-01|02-HBE--68-T5-1801")
1/10/26, 5:00 am   Laverton        No realtime data   (ID: "2026-10-01|02-WER--68-T5-6203")
1/10/26, 5:02 am   Lilydale        No realtime data   (ID: "2026-10-01|02-LIL--68-T5-3201")
1/10/26, 5:03 am   Mernda          No realtime data   (ID: "2026-10-01|02-MDD--68-T5-1603")
1/10/26, 5:10 am   Williamstown    No realtime data   (ID: "2026-10-01|02-WIL--68-T5-6303")
1/10/26, 5:11 am   Frankston       No realtime data   (ID: "2026-10-01|02-FKN--68-T5-4303")
1/10/26, 5:12 am   Upfield         No realtime data   (ID: "2026-10-01|02-UFD--68-T5-5001")
1/10/26, 5:15 am   Glen Waverley   No realtime data   (ID: "2026-10-01|02-GWY--68-T5-2001")
1/10/26, 5:15 am   Werribee        No realtime data   (ID: "2026-10-01|02-WER--68-T5-6403")
1/10/26, 5:17 am   Craigieburn     No realtime data   (ID: "2026-10-01|02-CGB--68-T5-5203")
1/10/26, 5:18 am   Hurstbridge     No realtime data   (ID: "2026-10-01|02-HBE--68-T5-1803")
1/10/26, 5:20 am   Laverton        No realtime data   (ID: "2026-10-01|02-WER--68-T5-6205")
1/10/26, 5:23 am   Mernda          No realtime data   (ID: "2026-10-01|02-MDD--68-T5-1605")
1/10/26, 5:24 am   Sandringham     No realtime data   (ID: "2026-10-01|02-SHM--68-T5-X001")
1/10/26, 5:28 am   Alamein         No realtime data   (ID: "2026-10-01|02-ALM--68-T5-2201")
1/10/26, 5:29 am   Frankston       No realtime data   (ID: "2026-10-01|02-FKN--68-T5-4305")
1/10/26, 5:30 am   Williamstown    No realtime data   (ID: "2026-10-01|02-WIL--68-T5-6305")
1/10/26, 5:32 am   Upfield         No realtime data   (ID: "2026-10-01|02-UFD--68-T5-5003")
1/10/26, 5:34 am   Lilydale        No realtime data   (ID: "2026-10-01|02-LIL--68-T5-3203")
1/10/26, 5:35 am   Glen Waverley   No realtime data   (ID: "2026-10-01|02-GWY--68-T5-2003")
1/10/26, 5:35 am   Werribee        No realtime data   (ID: "2026-10-01|02-WER--68-T5-6405")
1/10/26, 5:37 am   Craigieburn     No realtime data   (ID: "2026-10-01|02-CGB--68-T5-5205")
1/10/26, 5:38 am   Hurstbridge     No realtime data   (ID: "2026-10-01|02-HBE--68-T5-1805")
1/10/26, 5:40 am   Laverton        No realtime data   (ID: "2026-10-01|02-WER--68-T5-6207")
1/10/26, 5:43 am   Mernda          No realtime data   (ID: "2026-10-01|02-MDD--68-T5-1607")
1/10/26, 5:46 am   Frankston       No realtime data   (ID: "2026-10-01|02-FKN--68-T5-4307")
1/10/26, 5:47 am   Sandringham     No realtime data   (ID: "2026-10-01|02-SHM--68-T5-X003")
1/10/26, 5:48 am   Alamein         No realtime data   (ID: "2026-10-01|02-ALM--68-T5-2203")
1/10/26, 5:50 am   Williamstown    No realtime data   (ID: "2026-10-01|02-WIL--68-T5-6307")
1/10/26, 5:52 am   Upfield         No realtime data   (ID: "2026-10-01|02-UFD--68-T5-5005")
1/10/26, 5:55 am   Glen Waverley   No realtime data   (ID: "2026-10-01|02-GWY--68-T5-2005")
1/10/26, 5:55 am   Werribee        No realtime data   (ID: "2026-10-01|02-WER--68-T5-6407")
1/10/26, 5:57 am   Craigieburn     No realtime data   (ID: "2026-10-01|02-CGB--68-T5-5207")
1/10/26, 5:58 am   Hurstbridge     No realtime data   (ID: "2026-10-01|02-HBE--68-T5-1807")
1/10/26, 6:00 am   Belgrave        No realtime data   (ID: "2026-10-01|02-BEG--68-T5-3001")
1/10/26, 6:00 am   Laverton        No realtime data   (ID: "2026-10-01|02-WER--68-T5-6209")
1/10/26, 6:03 am   Mernda          No realtime data   (ID: "2026-10-01|02-MDD--68-T5-1609")
1/10/26, 6:04 am   Sandringham     No realtime data   (ID: "2026-10-01|02-SHM--68-T5-X005")
1/10/26, 6:05 am   Frankston       No realtime data   (ID: "2026-10-01|02-FKN--68-T5-4309")
1/10/26, 6:08 am   Lilydale        No realtime data   (ID: "2026-10-01|02-LIL--68-T5-3205")
1/10/26, 6:10 am   Williamstown    No realtime data   (ID: "2026-10-01|02-WIL--68-T5-6309")
1/10/26, 6:11 am   Alamein         No realtime data   (ID: "2026-10-01|02-ALM--68-T5-2205")
1/10/26, 6:12 am   Upfield         No realtime data   (ID: "2026-10-01|02-UFD--68-T5-5007")
1/10/26, 6:15 am   Glen Waverley   No realtime data   (ID: "2026-10-01|02-GWY--68-T5-2007")
"
`;

exports[`performance-tests-suburban > Flinders Street, 2026-10-07T20:39:00+11:00, backwards > completes in reasonable time 1`] = `
"
7/10/26, 8:39 pm   Flinders Street   No realtime data      (ID: "2026-10-07|02-FKN--69-T5-4982")     
7/10/26, 8:39 pm   Flinders Street   2 mins delayed        (ID: "2026-10-07|02-BEG--69-T5_WD07-3034")
7/10/26, 8:36 pm   Craigieburn       1 mins delayed (*)    (ID: "2026-10-07|02-CGB--69-T5-5889")     
7/10/26, 8:35 pm   Flinders Street   No realtime data      (ID: "2026-10-07|02-CCL--8-T5_WD07-0813") 
7/10/26, 8:35 pm   Lilydale          On time               (ID: "2026-10-07|02-LIL--69-T5-3851")     
7/10/26, 8:32 pm   Flinders Street   No realtime data      (ID: "2026-10-07|02-HBE--69-T5_WD07-1352")
7/10/26, 8:31 pm   Sandringham       On time (*)           (ID: "2026-10-07|02-SHM--69-T5-X187")     
7/10/26, 8:31 pm   Mernda            1 mins delayed (*)    (ID: "2026-10-07|02-MDD--69-T5-1767")     
7/10/26, 8:31 pm   Williamstown      1 mins delayed (*)    (ID: "2026-10-07|02-WIL--69-T5-6395")     
7/10/26, 8:31 pm   Glen Waverley     2 mins delayed (*)    (ID: "2026-10-07|02-GWY--69-T5_WD07-2669")
7/10/26, 8:30 pm   Flinders Street   No realtime data      (ID: "2026-10-07|02-WER--69-T5-6526")     
7/10/26, 8:29 pm   Flinders Street   No realtime data      (ID: "2026-10-07|02-FKN--69-T5_WD04-4980")
7/10/26, 8:27 pm   Frankston         2 mins delayed (*)    (ID: "2026-10-07|02-FKN--69-T5-4485")     
7/10/26, 8:26 pm   Upfield           1 mins delayed (*)    (ID: "2026-10-07|02-UFD--69-T5-5649")     
7/10/26, 8:25 pm   Flinders Street   No realtime data      (ID: "2026-10-07|02-GWY--69-T5-2148")     
7/10/26, 8:22 pm   Ringwood          2 mins delayed (*)    (ID: "2026-10-07|02-LIL--69-T5-3789")     
7/10/26, 8:21 pm   Flinders Street   No realtime data      (ID: "2026-10-07|02-LIL--69-T5-3236")     
7/10/26, 8:21 pm   Werribee          1 mins delayed (*)    (ID: "2026-10-07|02-WER--69-T5-6537")     
7/10/26, 8:18 pm   Flinders Street   No realtime data      (ID: "2026-10-07|02-WIL--69-T5-6390")     
7/10/26, 8:18 pm   Eltham            On time (*)           (ID: "2026-10-07|02-HBE--69-T5-1949")     
7/10/26, 8:15 pm   Craigieburn       No realtime data      (ID: "2026-10-07|02-CGB--69-T5_WD07-5887")
7/10/26, 8:14 pm   Williamstown      4 mins delayed (*)    (ID: "2026-10-07|02-WIL--69-T5-6393")     
7/10/26, 8:13 pm   Flinders Street   No realtime data      (ID: "2026-10-07|02-CGB--69-T5-5278")     
7/10/26, 8:11 pm   Sandringham       On time (*)           (ID: "2026-10-07|02-SHM--69-T5-X185")     
7/10/26, 8:11 pm   Mernda            1 mins delayed (*)    (ID: "2026-10-07|02-MDD--69-T5-1765")     
7/10/26, 8:10 pm   Flinders Street   No realtime data      (ID: "2026-10-07|02-WER--69-T5-6524")     
7/10/26, 8:10 pm   Flinders Street   No realtime data      (ID: "2026-10-07|02-FKN--69-T5_WD07-4976")
7/10/26, 8:09 pm   Frankston         4 mins delayed (*)    (ID: "2026-10-07|02-FKN--69-T5-4483")     
7/10/26, 8:09 pm   Upfield           4 mins delayed (*)    (ID: "2026-10-07|02-UFD--69-T5-5647")     
7/10/26, 8:07 pm   Flinders Street   No realtime data      (ID: "2026-10-07|02-GWY--69-T5-2144")     
7/10/26, 8:06 pm   Glen Waverley     7 mins delayed (*)    (ID: "2026-10-07|02-GWY--69-T5-2667")     
7/10/26, 8:05 pm   Belgrave          No realtime data      (ID: "2026-10-07|02-BEG--69-T5-3651")     
7/10/26, 8:02 pm   Flinders Street   No realtime data      (ID: "2026-10-07|02-UFD--69-T5_WD0C-5046")
7/10/26, 8:02 pm   Craigieburn       7 mins delayed (*)    (ID: "2026-10-07|02-CGB--69-T5-5885")     
7/10/26, 8:01 pm   Sandringham       No realtime data      (ID: "2026-10-07|02-SHM--69-T5-X183")     
7/10/26, 8:00 pm   Werribee          No realtime data      (ID: "2026-10-07|02-WER--69-T5-6535")     
7/10/26, 8:00 pm   Flinders Street   No realtime data      (ID: "2026-10-07|02-FKN--69-T5_WD0C-4974")
7/10/26, 8:00 pm   Eltham            2 mins delayed (*)    (ID: "2026-10-07|02-HBE--69-T5-1947")     
7/10/26, 7:52 pm   Flinders Street   No realtime data      (ID: "2026-10-07|02-WER--69-T5_WD0C-6520")
7/10/26, 7:52 pm   Flinders Street   No realtime data      (ID: "2026-10-07|02-ALM--69-T5-2250")     
7/10/26, 7:52 pm   Ringwood          2 mins delayed (*)    (ID: "2026-10-07|02-LIL--69-T5-3787")     
7/10/26, 7:51 pm   Sandringham       No realtime data      (ID: "2026-10-07|02-SHM--69-T5-X181")     
7/10/26, 7:51 pm   Mernda            1 mins delayed (*)    (ID: "2026-10-07|02-MDD--69-T5-1763")     
7/10/26, 7:50 pm   Williamstown      No realtime data      (ID: "2026-10-07|02-WIL--69-T5-6391")     
7/10/26, 7:50 pm   Flinders Street   No realtime data      (ID: "2026-10-07|02-FKN--69-T5_WD0C-4972")
7/10/26, 7:47 pm   Frankston         12 mins delayed (*)   (ID: "2026-10-07|02-FKN--69-T5-4479")     
7/10/26, 7:46 pm   Flinders Street   No realtime data      (ID: "2026-10-07|02-BEG--69-T5-3032")     
7/10/26, 7:45 pm   Upfield           No realtime data      (ID: "2026-10-07|02-UFD--69-T5-5645")     
7/10/26, 7:45 pm   Frankston         No realtime data      (ID: "2026-10-07|02-FKN--69-T5-4481")     
7/10/26, 7:41 pm   Sandringham       No realtime data      (ID: "2026-10-07|02-SHM--69-T5-X179")     
"
`;

exports[`performance-tests-suburban > Flinders Street, 2026-10-07T20:39:00+11:00, forwards > completes in reasonable time 1`] = `
"
7/10/26, 8:39 pm   Flinders Street           No realtime data     (ID: "2026-10-07|02-FKN--69-T5-4982")                        
7/10/26, 8:39 pm   Flinders Street           2 mins delayed       (ID: "2026-10-07|02-BEG--69-T5_WD07-3034")                   
7/10/26, 8:40 pm   Werribee                  No realtime data     (ID: "2026-10-07|02-WER--69-T5-6539")                        
7/10/26, 8:41 pm   Flinders Street           1 mins delayed       (ID: "2026-10-07|02-WIL--69-T5_WD07-6392")                   
7/10/26, 8:42 pm   Hurstbridge               On time              (ID: "2026-10-07|02-HBE--69-T5-1951")                        
7/10/26, 8:45 pm   Frankston                 No realtime data     (ID: "2026-10-07|02-FKN--69-T5_WD0C-4487")                   
7/10/26, 8:45 pm   Upfield                   No realtime data     (ID: "2026-10-07|02-UFD--69-T5-5651")                        
7/10/26, 8:45 pm   Flinders Street           2 mins delayed (*)   (ID: "2026-10-07|02-ALM--69-T5-2254")                        
7/10/26, 8:46 pm   Flinders Street           1 mins delayed (*)   (ID: "2026-10-07|02-GWY--69-T5-2150")                        
7/10/26, 8:47 pm   Flinders Street           No realtime data     (ID: "2026-10-07|02-CCL--8-T5_WD07-0815")                    
7/10/26, 8:49 pm   Flinders Street           No realtime data     (ID: "2026-10-07|02-CCL--8-T5_WD07-0813")                    
7/10/26, 8:52 pm   Flinders Street           No realtime data     (ID: "2026-10-07|02-CGB--69-T5_WD07-5282")                   
7/10/26, 8:52 pm   Flinders Street           5 mins delayed (*)   (ID: "2026-10-07|02-WER--69-T5_WD07-6534")                   
7/10/26, 8:52 pm   Sandringham               2 mins delayed       (ID: "2026-10-07|02-SHM--69-T5_WD07-X189")                   
7/10/26, 8:53 pm   Flinders Street           4 mins delayed (*)   (ID: "2026-10-07|02-FKN--69-T5_WD07-4984")                   
7/10/26, 8:54 pm   Flinders Street           No realtime data     (ID: "2026-10-07|02-CCL--8-T5_WD07-0817")                    
7/10/26, 8:57 pm   Craigieburn               No realtime data     (ID: "2026-10-07|02-CGB--69-T5_WD07-5285")                   
7/10/26, 8:57 pm   Flinders Street           5 mins delayed (*)   (ID: "2026-10-07|02-FKN--69-T5_WD07-4386")                   
7/10/26, 8:58 pm   Flinders Street (added)   11 mins delayed      (ID: "2026-10-07|vic:02FKN:_:R:vpt._Frankston_7940_20261007")
7/10/26, 9:00 pm   Werribee                  On time              (ID: "2026-10-07|02-WER--69-T5-6541")                        
7/10/26, 9:02 pm   Flinders Street           No realtime data     (ID: "2026-10-07|02-CCL--8-T5_WD07-0815")                    
7/10/26, 9:03 pm   Mernda                    3 mins delayed       (ID: "2026-10-07|02-MDD--69-T5-1769")                        
7/10/26, 9:04 pm   Eltham                    No realtime data     (ID: "2026-10-07|02-HBE--69-T5-1953")                        
7/10/26, 9:04 pm   Flinders Street           2 mins delayed (*)   (ID: "2026-10-07|02-UFD--69-T5_WD07-5052")                   
7/10/26, 9:05 pm   Frankston                 On time              (ID: "2026-10-07|02-FKN--69-T5_WD04-4489")                   
7/10/26, 9:06 pm   Flinders Street           No realtime data     (ID: "2026-10-07|02-CCL--8-T5_WD07-0817")                    
7/10/26, 9:07 pm   Upfield                   On time              (ID: "2026-10-07|02-UFD--69-T5_WD07-5053")                   
7/10/26, 9:08 pm   Flinders Street           No realtime data     (ID: "2026-10-07|02-CCL--8-T5_WD07-0819")                    
7/10/26, 9:10 pm   Flinders Street           No realtime data     (ID: "2026-10-07|02-FKN--69-T5_WD07-4388")                   
7/10/26, 9:11 pm   Sandringham               1 mins delayed       (ID: "2026-10-07|02-SHM--69-T5-X191")                        
7/10/26, 9:12 pm   Flinders Street           2 mins delayed (*)   (ID: "2026-10-07|02-MDD--69-T5_WD07-1164")                   
7/10/26, 9:14 pm   Flinders Street           2 mins delayed (*)   (ID: "2026-10-07|02-CGB--69-T5_WD07-5284")                   
7/10/26, 9:17 pm   Craigieburn               On time              (ID: "2026-10-07|02-CGB--69-T5_WD07-5287")                   
7/10/26, 9:19 pm   Eltham                    On time              (ID: "2026-10-07|02-HBE--69-T5-1955")                        
7/10/26, 9:20 pm   Werribee                  No realtime data     (ID: "2026-10-07|02-WER--69-T5-6543")                        
7/10/26, 9:21 pm   Flinders Street           No realtime data     (ID: "2026-10-07|02-CCL--8-T5_WD07-0819")                    
7/10/26, 9:23 pm   Flinders Street           No realtime data     (ID: "2026-10-07|02-CCL--8-T5_WD07-0821")                    
7/10/26, 9:23 pm   Flinders Street           1 mins delayed (*)   (ID: "2026-10-07|02-UFD--69-T5_WD07-5054")                   
7/10/26, 9:25 pm   Frankston                 No realtime data     (ID: "2026-10-07|02-FKN--69-T5_WD04-4491")                   
7/10/26, 9:27 pm   Upfield                   No realtime data     (ID: "2026-10-07|02-UFD--69-T5_WD07-5055")                   
7/10/26, 9:30 pm   Flinders Street           No realtime data     (ID: "2026-10-07|02-FKN--69-T5_WD04-4390")                   
7/10/26, 9:30 pm   Mernda                    On time              (ID: "2026-10-07|02-MDD--69-T5-1771")                        
7/10/26, 9:30 pm   Sandringham               On time              (ID: "2026-10-07|02-SHM--69-T5-X193")                        
7/10/26, 9:35 pm   Flinders Street           No realtime data     (ID: "2026-10-07|02-CCL--8-T5_WD07-0821")                    
7/10/26, 9:35 pm   Flinders Street           3 mins delayed (*)   (ID: "2026-10-07|02-CGB--69-T5_WD07-5286")                   
7/10/26, 9:37 pm   Flinders Street           No realtime data     (ID: "2026-10-07|02-CCL--8-T5_WD07-0823")                    
7/10/26, 9:37 pm   Craigieburn               No realtime data     (ID: "2026-10-07|02-CGB--69-T5_WD07-5289")                   
7/10/26, 9:40 pm   Werribee                  No realtime data     (ID: "2026-10-07|02-WER--69-T5-6545")                        
7/10/26, 9:42 pm   Hurstbridge               No realtime data     (ID: "2026-10-07|02-HBE--69-T5-1957")                        
7/10/26, 9:42 pm   Flinders Street           3 mins delayed (*)   (ID: "2026-10-07|02-MDD--69-T5_WD07-1166")                   
"
`;

exports[`performance-tests-suburban > Flinders Street, 2027-10-07T20:39:00+11:00, backwards > completes in reasonable time 1`] = `
"
1/1/27, 12:25 am     Upfield           No realtime data   (ID: "2026-12-31|02-UFD--1-T5-5673")
1/1/27, 12:25 am     Frankston         No realtime data   (ID: "2026-12-31|02-FKN--1-T5-4509")
1/1/27, 12:20 am     Werribee          No realtime data   (ID: "2026-12-31|02-WER--1-T5-6561")
1/1/27, 12:15 am     Flinders Street   No realtime data   (ID: "2026-12-31|02-LIL--1-T5-3246")
1/1/27, 12:15 am     Craigieburn       No realtime data   (ID: "2026-12-31|02-CGB--1-T5-5911")
1/1/27, 12:12 am     Hurstbridge       No realtime data   (ID: "2026-12-31|02-HBE--1-T5-1967")
1/1/27, 12:10 am     Sandringham       No realtime data   (ID: "2026-12-31|02-SHM--1-T5-X209")
1/1/27, 12:05 am     Upfield           No realtime data   (ID: "2026-12-31|02-UFD--1-T5-5671")
1/1/27, 12:05 am     Frankston         No realtime data   (ID: "2026-12-31|02-FKN--1-T5-4507")
1/1/27, 12:05 am     Belgrave          No realtime data   (ID: "2026-12-31|02-BEG--1-T5-3659")
1/1/27, 12:00 am     Werribee          No realtime data   (ID: "2026-12-31|02-WER--1-T5-6559")
1/1/27, 12:00 am     Mernda            No realtime data   (ID: "2026-12-31|02-MDD--1-T5-1781")
31/12/26, 11:59 pm   Glen Waverley     No realtime data   (ID: "2026-12-31|02-GWY--1-T5-2683")
31/12/26, 11:55 pm   Craigieburn       No realtime data   (ID: "2026-12-31|02-CGB--1-T5-5909")
31/12/26, 11:50 pm   Sandringham       No realtime data   (ID: "2026-12-31|02-SHM--1-T5-X207")
31/12/26, 11:45 pm   Upfield           No realtime data   (ID: "2026-12-31|02-UFD--1-T5-5669")
31/12/26, 11:45 pm   Frankston         No realtime data   (ID: "2026-12-31|02-FKN--1-T5-4505")
31/12/26, 11:42 pm   Hurstbridge       No realtime data   (ID: "2026-12-31|02-HBE--1-T5-1965")
31/12/26, 11:40 pm   Werribee          No realtime data   (ID: "2026-12-31|02-WER--1-T5-6557")
31/12/26, 11:35 pm   Lilydale          No realtime data   (ID: "2026-12-31|02-LIL--1-T5-3857")
31/12/26, 11:35 pm   Craigieburn       No realtime data   (ID: "2026-12-31|02-CGB--1-T5-5907")
31/12/26, 11:30 pm   Sandringham       No realtime data   (ID: "2026-12-31|02-SHM--1-T5-X205")
31/12/26, 11:30 pm   Mernda            No realtime data   (ID: "2026-12-31|02-MDD--1-T5-1779")
31/12/26, 11:29 pm   Glen Waverley     No realtime data   (ID: "2026-12-31|02-GWY--1-T5-2681")
31/12/26, 11:25 pm   Upfield           No realtime data   (ID: "2026-12-31|02-UFD--1-T5-5667")
31/12/26, 11:25 pm   Frankston         No realtime data   (ID: "2026-12-31|02-FKN--1-T5-4503")
31/12/26, 11:20 pm   Werribee          No realtime data   (ID: "2026-12-31|02-WER--1-T5-6555")
31/12/26, 11:15 pm   Craigieburn       No realtime data   (ID: "2026-12-31|02-CGB--1-T5-5905")
31/12/26, 11:12 pm   Eltham            No realtime data   (ID: "2026-12-31|02-HBE--1-T5-1963")
31/12/26, 11:10 pm   Sandringham       No realtime data   (ID: "2026-12-31|02-SHM--1-T5-X203")
31/12/26, 11:05 pm   Upfield           No realtime data   (ID: "2026-12-31|02-UFD--1-T5-5665")
31/12/26, 11:05 pm   Frankston         No realtime data   (ID: "2026-12-31|02-FKN--1-T5-4501")
31/12/26, 11:05 pm   Belgrave          No realtime data   (ID: "2026-12-31|02-BEG--1-T5-3657")
31/12/26, 11:00 pm   Werribee          No realtime data   (ID: "2026-12-31|02-WER--1-T5-6553")
31/12/26, 11:00 pm   Mernda            No realtime data   (ID: "2026-12-31|02-MDD--1-T5-1777")
31/12/26, 10:59 pm   Glen Waverley     No realtime data   (ID: "2026-12-31|02-GWY--1-T5-2679")
31/12/26, 10:55 pm   Craigieburn       No realtime data   (ID: "2026-12-31|02-CGB--1-T5-5903")
31/12/26, 10:50 pm   Sandringham       No realtime data   (ID: "2026-12-31|02-SHM--1-T5-X201")
31/12/26, 10:45 pm   Upfield           No realtime data   (ID: "2026-12-31|02-UFD--1-T5-5663")
31/12/26, 10:45 pm   Frankston         No realtime data   (ID: "2026-12-31|02-FKN--1-T5-4499")
31/12/26, 10:42 pm   Hurstbridge       No realtime data   (ID: "2026-12-31|02-HBE--1-T5-1961")
31/12/26, 10:40 pm   Werribee          No realtime data   (ID: "2026-12-31|02-WER--1-T5-6551")
31/12/26, 10:35 pm   Lilydale          No realtime data   (ID: "2026-12-31|02-LIL--1-T5-3855")
31/12/26, 10:35 pm   Craigieburn       No realtime data   (ID: "2026-12-31|02-CGB--1-T5-5901")
31/12/26, 10:30 pm   Sandringham       No realtime data   (ID: "2026-12-31|02-SHM--1-T5-X199")
31/12/26, 10:30 pm   Mernda            No realtime data   (ID: "2026-12-31|02-MDD--1-T5-1775")
31/12/26, 10:29 pm   Glen Waverley     No realtime data   (ID: "2026-12-31|02-GWY--1-T5-2677")
31/12/26, 10:25 pm   Upfield           No realtime data   (ID: "2026-12-31|02-UFD--1-T5-5661")
31/12/26, 10:25 pm   Frankston         No realtime data   (ID: "2026-12-31|02-FKN--1-T5-4497")
31/12/26, 10:20 pm   Werribee          No realtime data   (ID: "2026-12-31|02-WER--1-T5-6549")
"
`;

exports[`performance-tests-suburban > Flinders Street, 2027-10-07T20:39:00+11:00, forwards > completes in reasonable time 1`] = `
"
<empty>
"
`;
